DDR Version V1.13 20220218
In
ddrconfig:0
LPDDR4X, 324MHz
BW=32 Col=10 Bk=8 CS0 Row=16 CS=1 Die BW=16 Size=2048MB
tdqss: cs0 dqs0: -24ps, dqs1: -120ps, dqs2: -72ps, dqs3: -168ps,

change to: 324MHz
PHY drv:clk:36,ca:36,DQ:29,odt:0
vrefinner:24%, vrefout:41%
dram drv:40,odt:0
clk skew:0x63

change to: 528MHz
PHY drv:clk:36,ca:36,DQ:29,odt:0
vrefinner:24%, vrefout:41%
dram drv:40,odt:0
clk skew:0x58

change to: 780MHz
PHY drv:clk:36,ca:36,DQ:29,odt:0
vrefinner:24%, vrefout:41%
dram drv:40,odt:0
clk skew:0x58

change to: 1560MHz(final freq)
PHY drv:clk:36,ca:36,DQ:29,odt:60
vrefinner:16%, vrefout:22%
dram drv:40,odt:80
vref_ca:00000071
clk skew:0x30
cs 0:
the read training result:
DQS0:0x31, DQS1:0x28, DQS2:0x30, DQS3:0x32,
min  :0x10 0x12 0x12 0x10  0x0  0x4  0x7  0x4 , 0x6  0x4  0x6  0x3  0xb  0x8  0x4  0x1 ,
      0x11 0x11  0xc  0xb  0x6  0x2  0x0  0x3 ,0x10  0x8  0xb  0x2 0x15 0x18 0x11 0x16 ,
mid  :0x2a 0x2b 0x2b 0x28 0x19 0x1d 0x1f 0x1e ,0x1f 0x1c 0x1e 0x1d 0x24 0x21 0x1c 0x1a ,
      0x2a 0x2a 0x25 0x24 0x1e 0x1b 0x18 0x1b ,0x28 0x21 0x22 0x19 0x2e 0x30 0x29 0x2e ,
max  :0x45 0x45 0x45 0x41 0x32 0x37 0x38 0x38 ,0x38 0x35 0x37 0x37 0x3e 0x3a 0x35 0x33 ,
      0x43 0x43 0x3f 0x3e 0x37 0x35 0x31 0x33 ,0x41 0x3a 0x3a 0x31 0x47 0x48 0x41 0x47 ,
range:0x35 0x33 0x33 0x31 0x32 0x33 0x31 0x34 ,0x32 0x31 0x31 0x34 0x33 0x32 0x31 0x32 ,
      0x32 0x32 0x33 0x33 0x31 0x33 0x31 0x30 ,0x31 0x32 0x2f 0x2f 0x32 0x30 0x30 0x31 ,
the write training result:
DQS0:0x2c, DQS1:0x19, DQS2:0x22, DQS3:0xf,
min  :0x69 0x6b 0x6b 0x68 0x57 0x59 0x5d 0x5f 0x5f ,0x56 0x56 0x58 0x56 0x59 0x58 0x53 0x54 0x52 ,
      0x60 0x5f 0x5c 0x5c 0x54 0x52 0x4f 0x52 0x52 ,0x4b 0x48 0x46 0x3e 0x52 0x52 0x4b 0x54 0x48 ,
mid  :0x83 0x85 0x84 0x82 0x6f 0x73 0x77 0x79 0x78 ,0x6f 0x6e 0x70 0x6e 0x72 0x70 0x6c 0x6c 0x6b ,
      0x7a 0x79 0x75 0x75 0x6d 0x6a 0x68 0x6a 0x6c ,0x66 0x5f 0x5e 0x57 0x6c 0x6c 0x65 0x6d 0x5f ,
max  :0x9d 0x9f 0x9e 0x9d 0x88 0x8e 0x91 0x93 0x91 ,0x88 0x87 0x88 0x87 0x8c 0x88 0x85 0x85 0x85 ,
      0x94 0x94 0x8e 0x8f 0x86 0x83 0x81 0x83 0x86 ,0x81 0x77 0x77 0x71 0x87 0x87 0x80 0x86 0x77 ,
range:0x34 0x34 0x33 0x35 0x31 0x35 0x34 0x34 0x32 ,0x32 0x31 0x30 0x31 0x33 0x30 0x32 0x31 0x33 ,
      0x34 0x35 0x32 0x33 0x32 0x31 0x32 0x31 0x34 ,0x36 0x2f 0x31 0x33 0x35 0x35 0x35 0x32 0x2f ,
CA Training result:
cs:0 min  :0x58 0x4e 0x51 0x46 0x4e 0x40 0x4d ,0x50 0x48 0x4e 0x40 0x4e 0x3a 0x4a ,
cs:0 mid  :0x91 0x91 0x8a 0x88 0x85 0x83 0x75 ,0x89 0x89 0x84 0x81 0x84 0x7e 0x72 ,
cs:0 max  :0xca 0xd5 0xc3 0xca 0xbc 0xc7 0x9d ,0xc2 0xcb 0xbb 0xc3 0xbb 0xc2 0x9a ,
cs:0 range:0x72 0x87 0x72 0x84 0x6e 0x87 0x50 ,0x72 0x83 0x6d 0x83 0x6d 0x88 0x50 ,
out
rockchip_sdram_size fdc20208 100002c1
rank 1 cs0_col 10 bk 3 cs0_row 16 bw 2 row_3_4 0
SDRAM base=0, size=80000000

U-Boot SPL 2022.07-OpenWrt-r4676-c17623429 (Jan 07 2023 - 12:10:03 +0000)
Trying to boot from MMC1
INFO:    Preloader serial: 2
NOTICE:  BL31: v2.3():v2.3-152-g4e725b15f:cl
NOTICE:  BL31: Built : 10:51:13, Jul 15 2021
INFO:    GICv3 without legacy support detected.
INFO:    ARM GICv3 driver initialized in EL3
INFO:    pmu v1 is valid
INFO:    dfs DDR fsp_param[0].freq_mhz= 1560MHz
INFO:    dfs DDR fsp_param[1].freq_mhz= 324MHz
INFO:    dfs DDR fsp_param[2].freq_mhz= 528MHz
INFO:    dfs DDR fsp_param[3].freq_mhz= 780MHz
INFO:    Using opteed sec cpu_context!
INFO:    boot cpu mask: 0
INFO:    BL31: Initializing runtime services
WARNING: No OPTEE provided by BL2 boot loader, Booting device without OPTEE initialization. SMC`s destined for OPTEE will return SMC_UNK
ERROR:   Error initializing runtime service opteed_fast
INFO:    BL31: Preparing for EL3 exit to normal world
INFO:    Entry point address = 0xa00000
INFO:    SPSR = 0x3c9


U-Boot 2022.07-OpenWrt-r4676-c17623429 (Jan 07 2023 - 12:10:03 +0000) OpenWrt

Model: Rockchip RK3568 EVB1 DDR4 V10 Board
DRAM:  rockchip_sdram_size fdc20208 100002c1
rank 1 cs0_col 10 bk 3 cs0_row 16 bw 2 row_3_4 0
SDRAM base=0, size=80000000
2 GiB
Core:  225 devices, 17 uclasses, devicetree: separate
MMC:   mmc@fe2b0000: 1, mmc@fe310000: 0
Loading Environment from nowhere... OK
In:    serial@fe660000
Out:   serial@fe660000
Err:   serial@fe660000
Model: Rockchip RK3568 EVB1 DDR4 V10 Board
Net:   No ethernet found.
Hit any key to stop autoboot:  0
switch to partitions #0, OK
mmc1 is current device
Scanning mmc 1:1...
Found U-Boot script /boot.scr
352 bytes read in 3 ms (114.3 KiB/s)
## Executing script at 00c00000
59261 bytes read in 9 ms (6.3 MiB/s)
17053704 bytes read in 1422 ms (11.4 MiB/s)
Moving Image from 0x2080000 to 0x2200000, end=3320000
## Flattened Device Tree blob at 0a100000
   Booting using the fdt blob at 0xa100000
   Loading Device Tree to 000000007df12000, end 000000007df2377c ... OK

Starting kernel ...

